// Jest Snapshot v1, https://goo.gl/fbAQLP

exports[`TextEditorConfig snapshot test 1`] = `
Object {
  "apiKey": "fvry0is6hvuc3ij671v897r0t3854qvo6ne0k5eun4378zxk",
  "plugins": Array [
    "codesample textpattern advlist autolink lists link image charmap print preview anchor textcolor",
    "searchreplace visualblocks code fullscreen",
    "insertdatetime media table contextmenu paste code help wordcount",
  ],
  "toolbar": "insert | undo redo |  formatselect | bold italic backcolor  | alignleft aligncenter alignright alignjustify | bullist numlist outdent indent | removeformat | help",
}
`;
