// Jest Snapshot v1, https://goo.gl/fbAQLP

exports[`renderTextInput test test by snapshots 1`] = `
<div>
  <h6>
    string
  </h6>
  <input
    className="form-control"
    placeholder="string"
    type="text"
  />
  <h6
    className="text-danger"
  />
</div>
`;
