// Jest Snapshot v1, https://goo.gl/fbAQLP

exports[`StyledButton test 1`] = `
<withReducer(withSaga(Connect(FollowCommunityButton)))
  communityIdFilter={1}
  render={[Function]}
/>
`;
