// Jest Snapshot v1, https://goo.gl/fbAQLP

exports[`<Header /> snapshot test 1`] = `
<InjectIntl(Component)
  account="account"
  expandLeftMenuNavigation={[MockFunction]}
  isMenuVisible={false}
  profileInfo={Object {}}
  showLoginModalDispatch={[MockFunction]}
  showMenu={[MockFunction]}
/>
`;
