// Jest Snapshot v1, https://goo.gl/fbAQLP

exports[`NoSuggestedTags test 1`] = `
<div
  className="text-center"
>
  <FormattedMessage
    defaultMessage="There are no suggested tags"
    id="app.containers.SuggestedTags.noSuggestedTags"
    values={Object {}}
  />
</div>
`;
