// Jest Snapshot v1, https://goo.gl/fbAQLP

exports[`<Wrapper /> should match the snapshot 1`] = `
.c0 {
  display: -webkit-box;
  display: -webkit-flex;
  display: -ms-flexbox;
  display: flex;
  min-height: 50vh;
  -webkit-align-items: center;
  -webkit-box-align: center;
  -ms-flex-align: center;
  align-items: center;
  -webkit-box-pack: center;
  -webkit-justify-content: center;
  -ms-flex-pack: center;
  justify-content: center;
}

.c0 form {
  -webkit-flex-basis: 480px;
  -ms-flex-preferred-size: 480px;
  flex-basis: 480px;
}

.c0 form * {
  margin: 3px 0;
}

.c0 .text-danger {
  padding-left: 10px;
  padding-top: 2px;
  font-size: 14px;
}

<div
  className="c0"
/>
`;
