// Jest Snapshot v1, https://goo.gl/fbAQLP

exports[`<ToastBox /> snapshot test 1`] = `
<div
  className="ToastBox-IqGQB iHOLbj"
/>
`;
