// Jest Snapshot v1, https://goo.gl/fbAQLP

exports[`getWeekStat test 1`] = `
Array [
  Object {
    "hasTaken": true,
    "period": 2,
    "rating": 40,
    "rating_to_award": 10,
    "reward": 6666.666666666667,
  },
  Object {
    "hasTaken": true,
    "period": 1,
    "rating": 15,
    "rating_to_award": 0,
    "reward": 0,
  },
]
`;
