// Jest Snapshot v1, https://goo.gl/fbAQLP

exports[`QuestionTitle test 1`] = `
<h3
  className="question-title"
>
  title
</h3>
`;
