// Jest Snapshot v1, https://goo.gl/fbAQLP

exports[`Question test 1`] = `
<div
  className="question"
>
  <QuestionTitle
    title="Title"
  />
  <Content
    answerId="0"
    buttonParams={
      Object {
        "answerId": 0,
        "questionId": undefined,
      }
    }
    questionData={
      Object {
        "content": Object {
          "title": "Title",
        },
      }
    }
    type="question"
  />
</div>
`;
