// Jest Snapshot v1, https://goo.gl/fbAQLP

exports[`RecordingDate test 1`] = `
<p
  className="recording-date"
/>
`;
