// Jest Snapshot v1, https://goo.gl/fbAQLP

exports[`TextBlock test 1`] = `
<div
  className="text-block"
  dangerouslySetInnerHTML={
    Object {
      "__html": "<p>Content</p>",
    }
  }
/>
`;
