// Jest Snapshot v1, https://goo.gl/fbAQLP

exports[`<HomePage /> render, snapshot test 1`] = `<div />`;
