// Jest Snapshot v1, https://goo.gl/fbAQLP

exports[`<Form /> snapshot test 1`] = `
<Connect(LanguageProvider)
  key="en"
  locale="en"
  messages={Object {}}
>
  <ConnectedRouter
    history={
      Object {
        "action": "POP",
        "block": [Function],
        "createHref": [Function],
        "go": [Function],
        "goBack": [Function],
        "goForward": [Function],
        "length": 1,
        "listen": [Function],
        "location": Object {
          "hash": "",
          "pathname": "/",
          "search": "",
          "state": undefined,
        },
        "push": [Function],
        "replace": [Function],
      }
    }
  >
    <Form
      createTag={[MockFunction]}
      createTagLoading={false}
      handleSubmit={[Function]}
      invalid={true}
      submitting={true}
      translations={Object {}}
    />
  </ConnectedRouter>
</Connect(LanguageProvider)>
`;
